
> barakahspend-temp@0.1.0 build
> next build

Γû▓ Next.js 16.1.6 (Turbopack)
- Environments: .env.local

node.exe : ΓÜá The 
"middleware" file 
convention is deprecated. 
Please use "proxy" 
instead. Learn more: https:
//nextjs.org/docs/messages/
middleware-to-proxy
At line:1 char:1
+ & "C:\Program 
Files\nodejs/node.exe" 
"C:\Program 
Files\nodejs/node_mo ...
+ ~~~~~~~~~~~~~~~~~~~~~~~~~
~~~~~~~~~~~~~~~~~~~~~~~~~~~
~~~~~~~~~~~~~~~~~
    + CategoryInfo         
     : NotSpecified: (ΓÜá  
   The "middle...leware-   
 to-proxy:String) [], R    
emoteException
    + FullyQualifiedErrorI 
   d : NativeCommandError
 
  Creating an optimized production build ...
Γ£ô Compiled successfully in 5.2s
  Running TypeScript ...
Failed to compile.

./src/app/(dashboard)/dashb
oard/page.tsx:22:29
Type error: Property 
'authLoading' does not 
exist on type '{ user: 
User | null; localUser: 
LocalUser | null; loading: 
boolean; userId: string | 
null; userEmail: string | 
null; userName: any; 
userAvatar: any; signOut: 
() => Promise<void>; 
isAuthenticated: boolean; 
isOnlineSession: boolean; 
}'.

[0m [90m 20 |[39m
 [90m 21 |[39m 
[36mexport[39m 
[36mdefault[39m 
[36mfunction[39m 
[33mDashboardPage[39m() {
[31m[1m>[22m[39m[90m 
22 |[39m   
[36mconst[39m { 
userId[33m,[39m 
userName[33m,[39m 
authLoading } [33m=[39m 
useAuth()[33m;[39m
 [90m    |[39m           
                  
[31m[1m^[22m[39m
 [90m 23 |[39m   
[36mconst[39m isOnline 
[33m=[39m useOnlineStatus
()[33m;[39m
 [90m 24 |[39m   
[36mconst[39m prayer 
[33m=[39m 
usePrayerTimes()[33m;[39m
 [90m 25 |[39m   [0m
Next.js build worker 
exited with code: 1 and 
signal: null
